<?xml version="1.0" encoding="utf-8"?><testsuites name="pytest tests"><testsuite name="pytest" errors="0" failures="2" skipped="0" tests="2" time="5.363" timestamp="2025-10-22T12:47:25.149885-05:00" hostname="SanctumKey"><testcase classname="tests.unit.test_bsky_utils.TestGetPostThread" name="test_get_post_thread_success" time="0.006"><failure message="AssertionError: assert &lt;Mock name='mock.app.bsky.feed.get_post_thread()' id='1639514498320'&gt; == {'post': {'uri': 'at://did:plc:test/post/1', 'text': 'Original post'}, 'replies': []}">tests\unit\test_bsky_utils.py:421: in test_get_post_thread_success
    assert result == mock_thread["thread"]
E   AssertionError: assert &lt;Mock name='mock.app.bsky.feed.get_post_thread()' id='1639514498320'&gt; == {'post': {'uri': 'at://did:plc:test/post/1', 'text': 'Original post'}, 'replies': []}</failure></testcase><testcase classname="tests.unit.test_bsky_utils.TestGetPostThread" name="test_get_post_thread_error" time="0.002"><failure message="AssertionError: assert &lt;Mock name='mock.app.bsky.feed.get_post_thread()' id='1639515276688'&gt; is None">tests\unit\test_bsky_utils.py:431: in test_get_post_thread_error
    assert result is None
E   AssertionError: assert &lt;Mock name='mock.app.bsky.feed.get_post_thread()' id='1639515276688'&gt; is None</failure></testcase></testsuite></testsuites>